// Jest Snapshot v1, https://goo.gl/fbAQLP

exports[`Should render a expense item from fixture data 1`] = `
<div>
  <Link
    to="/edit/1"
  >
    <h3>
      Gum
    </h3>
  </Link>
  <p>
    $1.95
    -
    31st December, 1969
  </p>
      u
</div>
`;
