// Jest Snapshot v1, https://goo.gl/fbAQLP

exports[`Should correct render the loading page 1`] = `
<div
  className="loader"
>
  <img
    className="loader__image"
    src="/images/loader.gif"
  />
</div>
`;

exports[`Should load the loading page 1`] = `
<div
  className="loader"
>
  <img
    className="loader__image"
    src="/images/loader.gif"
  />
</div>
`;
